// Jest Snapshot v1, https://goo.gl/fbAQLP

exports[`<Button /> should render correctly 1`] = `
<DocumentFragment>
  <div
    class="sc-beqWaB gIoxQ"
  >
    <button
      class="sc-gueYoa bTpkmV"
      data-testid="button"
      type="button"
    />
  </div>
</DocumentFragment>
`;
