// Jest Snapshot v1, https://goo.gl/fbAQLP

exports[`<App /> should render correctly 1`] = `
<DocumentFragment>
  <main
    style="background: rgb(51, 51, 51); height: 100vh; display: flex; align-items: center; flex-direction: column; overflow-y: scroll;"
  >
    <div
      class="sc-hKMtZM eyDpoF"
    >
      ((Header))
      <div
        class="sc-eCYdqJ ifHWKd"
      >
        ((Home))
      </div>
    </div>
  </main>
</DocumentFragment>
`;
