// Jest Snapshot v1, https://goo.gl/fbAQLP

exports[`<Web3ContextProvider /> should render correctly 1`] = `
<DocumentFragment>
  Â 
</DocumentFragment>
`;
