// Jest Snapshot v1, https://goo.gl/fbAQLP

exports[`<LoadingTransaction /> should render correctly 1`] = `
<DocumentFragment>
  <div
    class="sc-bczRLJ gyIuTj"
  >
    <div
      class="sc-gsnTZi hAKkNm"
    >
      <div
        class="sc-dkzDqf hoZXih"
      >
        <div
          class="sc-hKMtZM dqHRYR"
        >
          <div
            class="chakra-spinner css-uhwdbi"
          >
            <span
              class="css-f8n5zr"
            >
              Loading...
            </span>
          </div>
        </div>
        <span
          class="sc-eCYdqJ htbZVh"
        >
          Your transaction is processing...
        </span>
      </div>
    </div>
    <div
      class="sc-jSMfEi iemwlm"
    >
      <div
        class="css-1w4130"
      >
        <div
          aria-valuemax="100"
          aria-valuemin="0"
          class="css-1demtxk"
          data-indeterminate=""
          role="progressbar"
          style="width: 0%;"
        />
      </div>
    </div>
  </div>
</DocumentFragment>
`;

exports[`<LoadingTransaction /> should render correctly 2`] = `
<DocumentFragment>
  <div
    class="sc-bczRLJ gyIuTj"
  >
    <div
      class="sc-gsnTZi hAKkNm"
    >
      <div
        class="sc-dkzDqf hoZXih"
      >
        <div
          class="sc-hKMtZM dqHRYR"
        >
          <div
            class="chakra-spinner css-uhwdbi"
          >
            <span
              class="css-f8n5zr"
            >
              Loading...
            </span>
          </div>
        </div>
        <span
          class="sc-eCYdqJ htbZVh"
        >
          Your transaction is processing...
        </span>
      </div>
    </div>
    <div
      class="sc-jSMfEi iemwlm"
    >
      <div
        class="css-1w4130"
      >
        <div
          aria-valuemax="100"
          aria-valuemin="0"
          class="css-1demtxk"
          data-indeterminate=""
          role="progressbar"
          style="width: 0%;"
        />
      </div>
    </div>
  </div>
</DocumentFragment>
`;

exports[`<LoadingTransaction /> should render correctly 3`] = `
<DocumentFragment>
  <div
    class="sc-bczRLJ gyIuTj"
  >
    <div
      class="sc-gsnTZi hAKkNm"
    >
      <div
        class="sc-dkzDqf hoZXih"
      >
        <div
          class="sc-hKMtZM dqHRYR"
        >
          <svg>
            double-check.svg
          </svg>
        </div>
        <span
          class="sc-eCYdqJ htbZVh"
        >
          Yay, your transaction is complete!
        </span>
      </div>
    </div>
    <div
      class="sc-jSMfEi iemwlm"
    >
      <div
        class="css-1w4130"
      >
        <div
          aria-valuemax="100"
          aria-valuemin="0"
          aria-valuenow="100"
          class="css-1jy0d03"
          role="progressbar"
          style="width: 100%;"
        />
      </div>
    </div>
  </div>
</DocumentFragment>
`;
