// Jest Snapshot v1, https://goo.gl/fbAQLP

exports[`<ProfileInput /> should render correctly 1`] = `
<DocumentFragment>
  <div
    class="chakra-stack css-w4mi0d"
  >
    <div
      class="chakra-stack css-1ls0fh9"
    >
      <h2
        class="chakra-heading css-1c1rmz5"
      >
        Profile
      </h2>
    </div>
    <div
      class="css-1ygz371"
    >
      <div
        class="css-tuh9u2"
      >
        <div
          class="chakra-form-control css-0"
          role="group"
        >
          <label
            class="chakra-form__label css-uvho5g"
            for="field-1"
            id="form-label"
          >
            Email
            <span
              aria-hidden="true"
              class="chakra-form__required-indicator css-0"
              role="presentation"
            >
              *
            </span>
          </label>
          <input
            aria-required="true"
            class="chakra-input css-0"
            id="field-1"
            name="email"
            placeholder="your@email.com"
            required=""
          />
        </div>
      </div>
      <div
        class="css-tuh9u2"
      >
        <div
          class="chakra-form-control css-0"
          role="group"
        >
          <label
            class="chakra-form__label css-uvho5g"
            for="field-2"
            id="form-label"
          >
            Public User Name
          </label>
          <input
            class="chakra-input css-0"
            id="field-2"
            name="username"
            placeholder="User Meme"
          />
        </div>
      </div>
      <div
        class="css-tuh9u2"
      >
        <div
          class="chakra-form-control css-0"
          role="group"
        >
          <label
            class="chakra-form__label css-uvho5g"
            for="field-3"
            id="form-label"
          >
            Description
          </label>
          <input
            class="chakra-input css-0"
            id="field-3"
            name="description"
            placeholder="I'm a Monk!"
          />
        </div>
      </div>
    </div>
  </div>
</DocumentFragment>
`;
